TimeQuest Timing Analyzer report for DualDFF
Mon Oct 02 14:20:24 2023
Quartus II 64-Bit Version 13.0.1 Build 232 06/12/2013 Service Pack 1 SJ Web Edition


---------------------
; Table of Contents ;
---------------------
  1. Legal Notice
  2. TimeQuest Timing Analyzer Summary
  3. Parallel Compilation
  4. Clocks
  5. Slow Model Fmax Summary
  6. Slow Model Setup Summary
  7. Slow Model Hold Summary
  8. Slow Model Recovery Summary
  9. Slow Model Removal Summary
 10. Slow Model Minimum Pulse Width Summary
 11. Slow Model Minimum Pulse Width: 'i_CLK0'
 12. Slow Model Minimum Pulse Width: 'i_CLK1'
 13. Setup Times
 14. Hold Times
 15. Clock to Output Times
 16. Minimum Clock to Output Times
 17. Propagation Delay
 18. Minimum Propagation Delay
 19. Fast Model Setup Summary
 20. Fast Model Hold Summary
 21. Fast Model Recovery Summary
 22. Fast Model Removal Summary
 23. Fast Model Minimum Pulse Width Summary
 24. Fast Model Minimum Pulse Width: 'i_CLK0'
 25. Fast Model Minimum Pulse Width: 'i_CLK1'
 26. Setup Times
 27. Hold Times
 28. Clock to Output Times
 29. Minimum Clock to Output Times
 30. Propagation Delay
 31. Minimum Propagation Delay
 32. Multicorner Timing Analysis Summary
 33. Setup Times
 34. Hold Times
 35. Clock to Output Times
 36. Minimum Clock to Output Times
 37. Progagation Delay
 38. Minimum Progagation Delay
 39. Clock Transfers
 40. Report TCCS
 41. Report RSKM
 42. Unconstrained Paths
 43. TimeQuest Timing Analyzer Messages



----------------
; Legal Notice ;
----------------
Copyright (C) 1991-2013 Altera Corporation
Your use of Altera Corporation's design tools, logic functions 
and other software and tools, and its AMPP partner logic 
functions, and any output files from any of the foregoing 
(including device programming or simulation files), and any 
associated documentation or information are expressly subject 
to the terms and conditions of the Altera Program License 
Subscription Agreement, Altera MegaCore Function License 
Agreement, or other applicable license agreement, including, 
without limitation, that your use is for the sole purpose of 
programming logic devices manufactured by Altera and sold by 
Altera or its authorized distributors.  Please refer to the 
applicable agreement for further details.



+----------------------------------------------------------------------------------------+
; TimeQuest Timing Analyzer Summary                                                      ;
+--------------------+-------------------------------------------------------------------+
; Quartus II Version ; Version 13.0.1 Build 232 06/12/2013 Service Pack 1 SJ Web Edition ;
; Revision Name      ; DualDFF                                                           ;
; Device Family      ; Cyclone II                                                        ;
; Device Name        ; EP2C70F896C6                                                      ;
; Timing Models      ; Final                                                             ;
; Delay Model        ; Combined                                                          ;
; Rise/Fall Delays   ; Unavailable                                                       ;
+--------------------+-------------------------------------------------------------------+


Parallel compilation was disabled, but you have multiple processors available. Enable parallel compilation to reduce compilation time.
+-------------------------------------+
; Parallel Compilation                ;
+----------------------------+--------+
; Processors                 ; Number ;
+----------------------------+--------+
; Number detected on machine ; 12     ;
; Maximum allowed            ; 1      ;
+----------------------------+--------+


+------------------------------------------------------------------------------------------------------------------------------------------------------------------------------------+
; Clocks                                                                                                                                                                             ;
+------------+------+--------+------------+-------+-------+------------+-----------+-------------+-------+--------+-----------+------------+----------+--------+--------+------------+
; Clock Name ; Type ; Period ; Frequency  ; Rise  ; Fall  ; Duty Cycle ; Divide by ; Multiply by ; Phase ; Offset ; Edge List ; Edge Shift ; Inverted ; Master ; Source ; Targets    ;
+------------+------+--------+------------+-------+-------+------------+-----------+-------------+-------+--------+-----------+------------+----------+--------+--------+------------+
; i_CLK0     ; Base ; 1.000  ; 1000.0 MHz ; 0.000 ; 0.500 ;            ;           ;             ;       ;        ;           ;            ;          ;        ;        ; { i_CLK0 } ;
; i_CLK1     ; Base ; 1.000  ; 1000.0 MHz ; 0.000 ; 0.500 ;            ;           ;             ;       ;        ;           ;            ;          ;        ;        ; { i_CLK1 } ;
+------------+------+--------+------------+-------+-------+------------+-----------+-------------+-------+--------+-----------+------------+----------+--------+--------+------------+


---------------------------
; Slow Model Fmax Summary ;
---------------------------
No paths to report.


----------------------------
; Slow Model Setup Summary ;
----------------------------
No paths to report.


---------------------------
; Slow Model Hold Summary ;
---------------------------
No paths to report.


-------------------------------
; Slow Model Recovery Summary ;
-------------------------------
No paths to report.


------------------------------
; Slow Model Removal Summary ;
------------------------------
No paths to report.


+----------------------------------------+
; Slow Model Minimum Pulse Width Summary ;
+--------+--------+----------------------+
; Clock  ; Slack  ; End Point TNS        ;
+--------+--------+----------------------+
; i_CLK0 ; -1.222 ; -3.222               ;
; i_CLK1 ; -1.222 ; -3.222               ;
+--------+--------+----------------------+


+-------------------------------------------------------------------------------------------------------------------------------------------+
; Slow Model Minimum Pulse Width: 'i_CLK0'                                                                                                  ;
+--------+--------------+----------------+------------------+--------+------------+---------------------------------------------------------+
; Slack  ; Actual Width ; Required Width ; Type             ; Clock  ; Clock Edge ; Target                                                  ;
+--------+--------------+----------------+------------------+--------+------------+---------------------------------------------------------+
; -1.222 ; 1.000        ; 2.222          ; Port Rate        ; i_CLK0 ; Rise       ; i_CLK0                                                  ;
; -0.500 ; 0.500        ; 1.000          ; High Pulse Width ; i_CLK0 ; Rise       ; n_DFF:inst|DFF_clk:\gen_dff:0:comp_DFF|o_Qbar~_emulated ;
; -0.500 ; 0.500        ; 1.000          ; Low Pulse Width  ; i_CLK0 ; Rise       ; n_DFF:inst|DFF_clk:\gen_dff:0:comp_DFF|o_Qbar~_emulated ;
; -0.500 ; 0.500        ; 1.000          ; High Pulse Width ; i_CLK0 ; Rise       ; n_DFF:inst|DFF_clk:\gen_dff:0:comp_DFF|o_Q~_emulated    ;
; -0.500 ; 0.500        ; 1.000          ; Low Pulse Width  ; i_CLK0 ; Rise       ; n_DFF:inst|DFF_clk:\gen_dff:0:comp_DFF|o_Q~_emulated    ;
; 0.500  ; 0.500        ; 0.000          ; High Pulse Width ; i_CLK0 ; Rise       ; i_CLK0|combout                                          ;
; 0.500  ; 0.500        ; 0.000          ; Low Pulse Width  ; i_CLK0 ; Rise       ; i_CLK0|combout                                          ;
; 0.500  ; 0.500        ; 0.000          ; High Pulse Width ; i_CLK0 ; Rise       ; inst|\gen_dff:0:comp_DFF|o_Qbar~_emulated|clk           ;
; 0.500  ; 0.500        ; 0.000          ; Low Pulse Width  ; i_CLK0 ; Rise       ; inst|\gen_dff:0:comp_DFF|o_Qbar~_emulated|clk           ;
; 0.500  ; 0.500        ; 0.000          ; High Pulse Width ; i_CLK0 ; Rise       ; inst|\gen_dff:0:comp_DFF|o_Q~_emulated|clk              ;
; 0.500  ; 0.500        ; 0.000          ; Low Pulse Width  ; i_CLK0 ; Rise       ; inst|\gen_dff:0:comp_DFF|o_Q~_emulated|clk              ;
+--------+--------------+----------------+------------------+--------+------------+---------------------------------------------------------+


+-------------------------------------------------------------------------------------------------------------------------------------------+
; Slow Model Minimum Pulse Width: 'i_CLK1'                                                                                                  ;
+--------+--------------+----------------+------------------+--------+------------+---------------------------------------------------------+
; Slack  ; Actual Width ; Required Width ; Type             ; Clock  ; Clock Edge ; Target                                                  ;
+--------+--------------+----------------+------------------+--------+------------+---------------------------------------------------------+
; -1.222 ; 1.000        ; 2.222          ; Port Rate        ; i_CLK1 ; Rise       ; i_CLK1                                                  ;
; -0.500 ; 0.500        ; 1.000          ; High Pulse Width ; i_CLK1 ; Rise       ; n_DFF:inst|DFF_clk:\gen_dff:1:comp_DFF|o_Qbar~_emulated ;
; -0.500 ; 0.500        ; 1.000          ; Low Pulse Width  ; i_CLK1 ; Rise       ; n_DFF:inst|DFF_clk:\gen_dff:1:comp_DFF|o_Qbar~_emulated ;
; -0.500 ; 0.500        ; 1.000          ; High Pulse Width ; i_CLK1 ; Rise       ; n_DFF:inst|DFF_clk:\gen_dff:1:comp_DFF|o_Q~_emulated    ;
; -0.500 ; 0.500        ; 1.000          ; Low Pulse Width  ; i_CLK1 ; Rise       ; n_DFF:inst|DFF_clk:\gen_dff:1:comp_DFF|o_Q~_emulated    ;
; 0.500  ; 0.500        ; 0.000          ; High Pulse Width ; i_CLK1 ; Rise       ; i_CLK1|combout                                          ;
; 0.500  ; 0.500        ; 0.000          ; Low Pulse Width  ; i_CLK1 ; Rise       ; i_CLK1|combout                                          ;
; 0.500  ; 0.500        ; 0.000          ; High Pulse Width ; i_CLK1 ; Rise       ; inst|\gen_dff:1:comp_DFF|o_Qbar~_emulated|clk           ;
; 0.500  ; 0.500        ; 0.000          ; Low Pulse Width  ; i_CLK1 ; Rise       ; inst|\gen_dff:1:comp_DFF|o_Qbar~_emulated|clk           ;
; 0.500  ; 0.500        ; 0.000          ; High Pulse Width ; i_CLK1 ; Rise       ; inst|\gen_dff:1:comp_DFF|o_Q~_emulated|clk              ;
; 0.500  ; 0.500        ; 0.000          ; Low Pulse Width  ; i_CLK1 ; Rise       ; inst|\gen_dff:1:comp_DFF|o_Q~_emulated|clk              ;
+--------+--------------+----------------+------------------+--------+------------+---------------------------------------------------------+


+-----------------------------------------------------------------------+
; Setup Times                                                           ;
+-----------+------------+-------+-------+------------+-----------------+
; Data Port ; Clock Port ; Rise  ; Fall  ; Clock Edge ; Clock Reference ;
+-----------+------------+-------+-------+------------+-----------------+
; i_D0      ; i_CLK0     ; 3.531 ; 3.531 ; Rise       ; i_CLK0          ;
; i_D1      ; i_CLK1     ; 3.954 ; 3.954 ; Rise       ; i_CLK1          ;
+-----------+------------+-------+-------+------------+-----------------+


+-------------------------------------------------------------------------+
; Hold Times                                                              ;
+-----------+------------+--------+--------+------------+-----------------+
; Data Port ; Clock Port ; Rise   ; Fall   ; Clock Edge ; Clock Reference ;
+-----------+------------+--------+--------+------------+-----------------+
; i_D0      ; i_CLK0     ; -3.299 ; -3.299 ; Rise       ; i_CLK0          ;
; i_D1      ; i_CLK1     ; -3.717 ; -3.717 ; Rise       ; i_CLK1          ;
+-----------+------------+--------+--------+------------+-----------------+


+-----------------------------------------------------------------------+
; Clock to Output Times                                                 ;
+-----------+------------+-------+-------+------------+-----------------+
; Data Port ; Clock Port ; Rise  ; Fall  ; Clock Edge ; Clock Reference ;
+-----------+------------+-------+-------+------------+-----------------+
; o_Q0      ; i_CLK0     ; 9.044 ; 9.044 ; Rise       ; i_CLK0          ;
; o_Qbar0   ; i_CLK0     ; 9.673 ; 9.673 ; Rise       ; i_CLK0          ;
; o_Q1      ; i_CLK1     ; 9.553 ; 9.553 ; Rise       ; i_CLK1          ;
; o_Qbar1   ; i_CLK1     ; 9.272 ; 9.272 ; Rise       ; i_CLK1          ;
+-----------+------------+-------+-------+------------+-----------------+


+-----------------------------------------------------------------------+
; Minimum Clock to Output Times                                         ;
+-----------+------------+-------+-------+------------+-----------------+
; Data Port ; Clock Port ; Rise  ; Fall  ; Clock Edge ; Clock Reference ;
+-----------+------------+-------+-------+------------+-----------------+
; o_Q0      ; i_CLK0     ; 9.044 ; 9.044 ; Rise       ; i_CLK0          ;
; o_Qbar0   ; i_CLK0     ; 9.673 ; 9.673 ; Rise       ; i_CLK0          ;
; o_Q1      ; i_CLK1     ; 9.553 ; 9.553 ; Rise       ; i_CLK1          ;
; o_Qbar1   ; i_CLK1     ; 9.272 ; 9.272 ; Rise       ; i_CLK1          ;
+-----------+------------+-------+-------+------------+-----------------+


+--------------------------------------------------------------+
; Propagation Delay                                            ;
+------------+-------------+--------+--------+--------+--------+
; Input Port ; Output Port ; RR     ; RF     ; FR     ; FF     ;
+------------+-------------+--------+--------+--------+--------+
; i_LCLR0    ; o_Q0        ; 12.688 ;        ;        ; 12.688 ;
; i_LCLR0    ; o_Qbar0     ;        ; 13.107 ; 13.107 ;        ;
; i_LCLR1    ; o_Q1        ; 13.489 ;        ;        ; 13.489 ;
; i_LCLR1    ; o_Qbar1     ;        ; 13.209 ; 13.209 ;        ;
; i_LPR0     ; o_Q0        ;        ; 13.280 ; 13.280 ;        ;
; i_LPR0     ; o_Qbar0     ; 13.659 ;        ;        ; 13.659 ;
; i_LPR1     ; o_Q1        ;        ; 13.815 ; 13.815 ;        ;
; i_LPR1     ; o_Qbar1     ; 13.497 ;        ;        ; 13.497 ;
+------------+-------------+--------+--------+--------+--------+


+--------------------------------------------------------------+
; Minimum Propagation Delay                                    ;
+------------+-------------+--------+--------+--------+--------+
; Input Port ; Output Port ; RR     ; RF     ; FR     ; FF     ;
+------------+-------------+--------+--------+--------+--------+
; i_LCLR0    ; o_Q0        ; 12.688 ;        ;        ; 12.688 ;
; i_LCLR0    ; o_Qbar0     ;        ; 12.462 ; 12.462 ;        ;
; i_LCLR1    ; o_Q1        ; 13.489 ;        ;        ; 13.489 ;
; i_LCLR1    ; o_Qbar1     ;        ; 12.549 ; 12.549 ;        ;
; i_LPR0     ; o_Q0        ;        ; 12.298 ; 12.298 ;        ;
; i_LPR0     ; o_Qbar0     ; 13.659 ;        ;        ; 13.659 ;
; i_LPR1     ; o_Q1        ;        ; 13.170 ; 13.170 ;        ;
; i_LPR1     ; o_Qbar1     ; 13.497 ;        ;        ; 13.497 ;
+------------+-------------+--------+--------+--------+--------+


----------------------------
; Fast Model Setup Summary ;
----------------------------
No paths to report.


---------------------------
; Fast Model Hold Summary ;
---------------------------
No paths to report.


-------------------------------
; Fast Model Recovery Summary ;
-------------------------------
No paths to report.


------------------------------
; Fast Model Removal Summary ;
------------------------------
No paths to report.


+----------------------------------------+
; Fast Model Minimum Pulse Width Summary ;
+--------+--------+----------------------+
; Clock  ; Slack  ; End Point TNS        ;
+--------+--------+----------------------+
; i_CLK0 ; -1.222 ; -3.222               ;
; i_CLK1 ; -1.222 ; -3.222               ;
+--------+--------+----------------------+


+-------------------------------------------------------------------------------------------------------------------------------------------+
; Fast Model Minimum Pulse Width: 'i_CLK0'                                                                                                  ;
+--------+--------------+----------------+------------------+--------+------------+---------------------------------------------------------+
; Slack  ; Actual Width ; Required Width ; Type             ; Clock  ; Clock Edge ; Target                                                  ;
+--------+--------------+----------------+------------------+--------+------------+---------------------------------------------------------+
; -1.222 ; 1.000        ; 2.222          ; Port Rate        ; i_CLK0 ; Rise       ; i_CLK0                                                  ;
; -0.500 ; 0.500        ; 1.000          ; High Pulse Width ; i_CLK0 ; Rise       ; n_DFF:inst|DFF_clk:\gen_dff:0:comp_DFF|o_Qbar~_emulated ;
; -0.500 ; 0.500        ; 1.000          ; Low Pulse Width  ; i_CLK0 ; Rise       ; n_DFF:inst|DFF_clk:\gen_dff:0:comp_DFF|o_Qbar~_emulated ;
; -0.500 ; 0.500        ; 1.000          ; High Pulse Width ; i_CLK0 ; Rise       ; n_DFF:inst|DFF_clk:\gen_dff:0:comp_DFF|o_Q~_emulated    ;
; -0.500 ; 0.500        ; 1.000          ; Low Pulse Width  ; i_CLK0 ; Rise       ; n_DFF:inst|DFF_clk:\gen_dff:0:comp_DFF|o_Q~_emulated    ;
; 0.500  ; 0.500        ; 0.000          ; High Pulse Width ; i_CLK0 ; Rise       ; i_CLK0|combout                                          ;
; 0.500  ; 0.500        ; 0.000          ; Low Pulse Width  ; i_CLK0 ; Rise       ; i_CLK0|combout                                          ;
; 0.500  ; 0.500        ; 0.000          ; High Pulse Width ; i_CLK0 ; Rise       ; inst|\gen_dff:0:comp_DFF|o_Qbar~_emulated|clk           ;
; 0.500  ; 0.500        ; 0.000          ; Low Pulse Width  ; i_CLK0 ; Rise       ; inst|\gen_dff:0:comp_DFF|o_Qbar~_emulated|clk           ;
; 0.500  ; 0.500        ; 0.000          ; High Pulse Width ; i_CLK0 ; Rise       ; inst|\gen_dff:0:comp_DFF|o_Q~_emulated|clk              ;
; 0.500  ; 0.500        ; 0.000          ; Low Pulse Width  ; i_CLK0 ; Rise       ; inst|\gen_dff:0:comp_DFF|o_Q~_emulated|clk              ;
+--------+--------------+----------------+------------------+--------+------------+---------------------------------------------------------+


+-------------------------------------------------------------------------------------------------------------------------------------------+
; Fast Model Minimum Pulse Width: 'i_CLK1'                                                                                                  ;
+--------+--------------+----------------+------------------+--------+------------+---------------------------------------------------------+
; Slack  ; Actual Width ; Required Width ; Type             ; Clock  ; Clock Edge ; Target                                                  ;
+--------+--------------+----------------+------------------+--------+------------+---------------------------------------------------------+
; -1.222 ; 1.000        ; 2.222          ; Port Rate        ; i_CLK1 ; Rise       ; i_CLK1                                                  ;
; -0.500 ; 0.500        ; 1.000          ; High Pulse Width ; i_CLK1 ; Rise       ; n_DFF:inst|DFF_clk:\gen_dff:1:comp_DFF|o_Qbar~_emulated ;
; -0.500 ; 0.500        ; 1.000          ; Low Pulse Width  ; i_CLK1 ; Rise       ; n_DFF:inst|DFF_clk:\gen_dff:1:comp_DFF|o_Qbar~_emulated ;
; -0.500 ; 0.500        ; 1.000          ; High Pulse Width ; i_CLK1 ; Rise       ; n_DFF:inst|DFF_clk:\gen_dff:1:comp_DFF|o_Q~_emulated    ;
; -0.500 ; 0.500        ; 1.000          ; Low Pulse Width  ; i_CLK1 ; Rise       ; n_DFF:inst|DFF_clk:\gen_dff:1:comp_DFF|o_Q~_emulated    ;
; 0.500  ; 0.500        ; 0.000          ; High Pulse Width ; i_CLK1 ; Rise       ; i_CLK1|combout                                          ;
; 0.500  ; 0.500        ; 0.000          ; Low Pulse Width  ; i_CLK1 ; Rise       ; i_CLK1|combout                                          ;
; 0.500  ; 0.500        ; 0.000          ; High Pulse Width ; i_CLK1 ; Rise       ; inst|\gen_dff:1:comp_DFF|o_Qbar~_emulated|clk           ;
; 0.500  ; 0.500        ; 0.000          ; Low Pulse Width  ; i_CLK1 ; Rise       ; inst|\gen_dff:1:comp_DFF|o_Qbar~_emulated|clk           ;
; 0.500  ; 0.500        ; 0.000          ; High Pulse Width ; i_CLK1 ; Rise       ; inst|\gen_dff:1:comp_DFF|o_Q~_emulated|clk              ;
; 0.500  ; 0.500        ; 0.000          ; Low Pulse Width  ; i_CLK1 ; Rise       ; inst|\gen_dff:1:comp_DFF|o_Q~_emulated|clk              ;
+--------+--------------+----------------+------------------+--------+------------+---------------------------------------------------------+


+-----------------------------------------------------------------------+
; Setup Times                                                           ;
+-----------+------------+-------+-------+------------+-----------------+
; Data Port ; Clock Port ; Rise  ; Fall  ; Clock Edge ; Clock Reference ;
+-----------+------------+-------+-------+------------+-----------------+
; i_D0      ; i_CLK0     ; 2.153 ; 2.153 ; Rise       ; i_CLK0          ;
; i_D1      ; i_CLK1     ; 2.326 ; 2.326 ; Rise       ; i_CLK1          ;
+-----------+------------+-------+-------+------------+-----------------+


+-------------------------------------------------------------------------+
; Hold Times                                                              ;
+-----------+------------+--------+--------+------------+-----------------+
; Data Port ; Clock Port ; Rise   ; Fall   ; Clock Edge ; Clock Reference ;
+-----------+------------+--------+--------+------------+-----------------+
; i_D0      ; i_CLK0     ; -2.032 ; -2.032 ; Rise       ; i_CLK0          ;
; i_D1      ; i_CLK1     ; -2.205 ; -2.205 ; Rise       ; i_CLK1          ;
+-----------+------------+--------+--------+------------+-----------------+


+-----------------------------------------------------------------------+
; Clock to Output Times                                                 ;
+-----------+------------+-------+-------+------------+-----------------+
; Data Port ; Clock Port ; Rise  ; Fall  ; Clock Edge ; Clock Reference ;
+-----------+------------+-------+-------+------------+-----------------+
; o_Q0      ; i_CLK0     ; 4.748 ; 4.748 ; Rise       ; i_CLK0          ;
; o_Qbar0   ; i_CLK0     ; 5.029 ; 5.029 ; Rise       ; i_CLK0          ;
; o_Q1      ; i_CLK1     ; 5.034 ; 5.034 ; Rise       ; i_CLK1          ;
; o_Qbar1   ; i_CLK1     ; 4.873 ; 4.873 ; Rise       ; i_CLK1          ;
+-----------+------------+-------+-------+------------+-----------------+


+-----------------------------------------------------------------------+
; Minimum Clock to Output Times                                         ;
+-----------+------------+-------+-------+------------+-----------------+
; Data Port ; Clock Port ; Rise  ; Fall  ; Clock Edge ; Clock Reference ;
+-----------+------------+-------+-------+------------+-----------------+
; o_Q0      ; i_CLK0     ; 4.748 ; 4.748 ; Rise       ; i_CLK0          ;
; o_Qbar0   ; i_CLK0     ; 5.029 ; 5.029 ; Rise       ; i_CLK0          ;
; o_Q1      ; i_CLK1     ; 5.034 ; 5.034 ; Rise       ; i_CLK1          ;
; o_Qbar1   ; i_CLK1     ; 4.873 ; 4.873 ; Rise       ; i_CLK1          ;
+-----------+------------+-------+-------+------------+-----------------+


+----------------------------------------------------------+
; Propagation Delay                                        ;
+------------+-------------+-------+-------+-------+-------+
; Input Port ; Output Port ; RR    ; RF    ; FR    ; FF    ;
+------------+-------------+-------+-------+-------+-------+
; i_LCLR0    ; o_Q0        ; 6.948 ;       ;       ; 6.948 ;
; i_LCLR0    ; o_Qbar0     ;       ; 7.144 ; 7.144 ;       ;
; i_LCLR1    ; o_Q1        ; 7.355 ;       ;       ; 7.355 ;
; i_LCLR1    ; o_Qbar1     ;       ; 7.197 ; 7.197 ;       ;
; i_LPR0     ; o_Q0        ;       ; 7.211 ; 7.211 ;       ;
; i_LPR0     ; o_Qbar0     ; 7.399 ;       ;       ; 7.399 ;
; i_LPR1     ; o_Q1        ;       ; 7.509 ; 7.509 ;       ;
; i_LPR1     ; o_Qbar1     ; 7.343 ;       ;       ; 7.343 ;
+------------+-------------+-------+-------+-------+-------+


+----------------------------------------------------------+
; Minimum Propagation Delay                                ;
+------------+-------------+-------+-------+-------+-------+
; Input Port ; Output Port ; RR    ; RF    ; FR    ; FF    ;
+------------+-------------+-------+-------+-------+-------+
; i_LCLR0    ; o_Q0        ; 6.948 ;       ;       ; 6.948 ;
; i_LCLR0    ; o_Qbar0     ;       ; 6.848 ; 6.848 ;       ;
; i_LCLR1    ; o_Q1        ; 7.355 ;       ;       ; 7.355 ;
; i_LCLR1    ; o_Qbar1     ;       ; 6.893 ; 6.893 ;       ;
; i_LPR0     ; o_Q0        ;       ; 6.776 ; 6.776 ;       ;
; i_LPR0     ; o_Qbar0     ; 7.399 ;       ;       ; 7.399 ;
; i_LPR1     ; o_Q1        ;       ; 7.211 ; 7.211 ;       ;
; i_LPR1     ; o_Qbar1     ; 7.343 ;       ;       ; 7.343 ;
+------------+-------------+-------+-------+-------+-------+


+----------------------------------------------------------------------------+
; Multicorner Timing Analysis Summary                                        ;
+------------------+-------+------+----------+---------+---------------------+
; Clock            ; Setup ; Hold ; Recovery ; Removal ; Minimum Pulse Width ;
+------------------+-------+------+----------+---------+---------------------+
; Worst-case Slack ; N/A   ; N/A  ; N/A      ; N/A     ; -1.222              ;
;  i_CLK0          ; N/A   ; N/A  ; N/A      ; N/A     ; -1.222              ;
;  i_CLK1          ; N/A   ; N/A  ; N/A      ; N/A     ; -1.222              ;
; Design-wide TNS  ; 0.0   ; 0.0  ; 0.0      ; 0.0     ; -6.444              ;
;  i_CLK0          ; N/A   ; N/A  ; N/A      ; N/A     ; -3.222              ;
;  i_CLK1          ; N/A   ; N/A  ; N/A      ; N/A     ; -3.222              ;
+------------------+-------+------+----------+---------+---------------------+


+-----------------------------------------------------------------------+
; Setup Times                                                           ;
+-----------+------------+-------+-------+------------+-----------------+
; Data Port ; Clock Port ; Rise  ; Fall  ; Clock Edge ; Clock Reference ;
+-----------+------------+-------+-------+------------+-----------------+
; i_D0      ; i_CLK0     ; 3.531 ; 3.531 ; Rise       ; i_CLK0          ;
; i_D1      ; i_CLK1     ; 3.954 ; 3.954 ; Rise       ; i_CLK1          ;
+-----------+------------+-------+-------+------------+-----------------+


+-------------------------------------------------------------------------+
; Hold Times                                                              ;
+-----------+------------+--------+--------+------------+-----------------+
; Data Port ; Clock Port ; Rise   ; Fall   ; Clock Edge ; Clock Reference ;
+-----------+------------+--------+--------+------------+-----------------+
; i_D0      ; i_CLK0     ; -2.032 ; -2.032 ; Rise       ; i_CLK0          ;
; i_D1      ; i_CLK1     ; -2.205 ; -2.205 ; Rise       ; i_CLK1          ;
+-----------+------------+--------+--------+------------+-----------------+


+-----------------------------------------------------------------------+
; Clock to Output Times                                                 ;
+-----------+------------+-------+-------+------------+-----------------+
; Data Port ; Clock Port ; Rise  ; Fall  ; Clock Edge ; Clock Reference ;
+-----------+------------+-------+-------+------------+-----------------+
; o_Q0      ; i_CLK0     ; 9.044 ; 9.044 ; Rise       ; i_CLK0          ;
; o_Qbar0   ; i_CLK0     ; 9.673 ; 9.673 ; Rise       ; i_CLK0          ;
; o_Q1      ; i_CLK1     ; 9.553 ; 9.553 ; Rise       ; i_CLK1          ;
; o_Qbar1   ; i_CLK1     ; 9.272 ; 9.272 ; Rise       ; i_CLK1          ;
+-----------+------------+-------+-------+------------+-----------------+


+-----------------------------------------------------------------------+
; Minimum Clock to Output Times                                         ;
+-----------+------------+-------+-------+------------+-----------------+
; Data Port ; Clock Port ; Rise  ; Fall  ; Clock Edge ; Clock Reference ;
+-----------+------------+-------+-------+------------+-----------------+
; o_Q0      ; i_CLK0     ; 4.748 ; 4.748 ; Rise       ; i_CLK0          ;
; o_Qbar0   ; i_CLK0     ; 5.029 ; 5.029 ; Rise       ; i_CLK0          ;
; o_Q1      ; i_CLK1     ; 5.034 ; 5.034 ; Rise       ; i_CLK1          ;
; o_Qbar1   ; i_CLK1     ; 4.873 ; 4.873 ; Rise       ; i_CLK1          ;
+-----------+------------+-------+-------+------------+-----------------+


+--------------------------------------------------------------+
; Progagation Delay                                            ;
+------------+-------------+--------+--------+--------+--------+
; Input Port ; Output Port ; RR     ; RF     ; FR     ; FF     ;
+------------+-------------+--------+--------+--------+--------+
; i_LCLR0    ; o_Q0        ; 12.688 ;        ;        ; 12.688 ;
; i_LCLR0    ; o_Qbar0     ;        ; 13.107 ; 13.107 ;        ;
; i_LCLR1    ; o_Q1        ; 13.489 ;        ;        ; 13.489 ;
; i_LCLR1    ; o_Qbar1     ;        ; 13.209 ; 13.209 ;        ;
; i_LPR0     ; o_Q0        ;        ; 13.280 ; 13.280 ;        ;
; i_LPR0     ; o_Qbar0     ; 13.659 ;        ;        ; 13.659 ;
; i_LPR1     ; o_Q1        ;        ; 13.815 ; 13.815 ;        ;
; i_LPR1     ; o_Qbar1     ; 13.497 ;        ;        ; 13.497 ;
+------------+-------------+--------+--------+--------+--------+


+----------------------------------------------------------+
; Minimum Progagation Delay                                ;
+------------+-------------+-------+-------+-------+-------+
; Input Port ; Output Port ; RR    ; RF    ; FR    ; FF    ;
+------------+-------------+-------+-------+-------+-------+
; i_LCLR0    ; o_Q0        ; 6.948 ;       ;       ; 6.948 ;
; i_LCLR0    ; o_Qbar0     ;       ; 6.848 ; 6.848 ;       ;
; i_LCLR1    ; o_Q1        ; 7.355 ;       ;       ; 7.355 ;
; i_LCLR1    ; o_Qbar1     ;       ; 6.893 ; 6.893 ;       ;
; i_LPR0     ; o_Q0        ;       ; 6.776 ; 6.776 ;       ;
; i_LPR0     ; o_Qbar0     ; 7.399 ;       ;       ; 7.399 ;
; i_LPR1     ; o_Q1        ;       ; 7.211 ; 7.211 ;       ;
; i_LPR1     ; o_Qbar1     ; 7.343 ;       ;       ; 7.343 ;
+------------+-------------+-------+-------+-------+-------+


-------------------
; Clock Transfers ;
-------------------
Nothing to report.


---------------
; Report TCCS ;
---------------
No dedicated SERDES Transmitter circuitry present in device or used in design


---------------
; Report RSKM ;
---------------
No dedicated SERDES Receiver circuitry present in device or used in design


+------------------------------------------------+
; Unconstrained Paths                            ;
+---------------------------------+-------+------+
; Property                        ; Setup ; Hold ;
+---------------------------------+-------+------+
; Illegal Clocks                  ; 0     ; 0    ;
; Unconstrained Clocks            ; 0     ; 0    ;
; Unconstrained Input Ports       ; 6     ; 6    ;
; Unconstrained Input Port Paths  ; 28    ; 28   ;
; Unconstrained Output Ports      ; 4     ; 4    ;
; Unconstrained Output Port Paths ; 16    ; 16   ;
+---------------------------------+-------+------+


+------------------------------------+
; TimeQuest Timing Analyzer Messages ;
+------------------------------------+
Info: *******************************************************************
Info: Running Quartus II 64-Bit TimeQuest Timing Analyzer
    Info: Version 13.0.1 Build 232 06/12/2013 Service Pack 1 SJ Web Edition
    Info: Processing started: Mon Oct 02 14:20:23 2023
Info: Command: quartus_sta DualDFF -c DualDFF
Info: qsta_default_script.tcl version: #1
Warning (20028): Parallel compilation is not licensed and has been disabled
Info (21077): Low junction temperature is 0 degrees C
Info (21077): High junction temperature is 85 degrees C
Warning (335093): TimeQuest Timing Analyzer is analyzing 4 combinational loops as latches.
Critical Warning (332012): Synopsys Design Constraints File file not found: 'DualDFF.sdc'. A Synopsys Design Constraints File is required by the TimeQuest Timing Analyzer to get proper timing constraints. Without it, the Compiler will not properly optimize the design.
Info (332142): No user constrained base clocks found in the design. Calling "derive_clocks -period 1.0"
Info (332105): Deriving Clocks
    Info (332105): create_clock -period 1.000 -name i_CLK0 i_CLK0
    Info (332105): create_clock -period 1.000 -name i_CLK1 i_CLK1
Info: Found TIMEQUEST_REPORT_SCRIPT_INCLUDE_DEFAULT_ANALYSIS = ON
Info: Analyzing Slow Model
Info (332140): No fmax paths to report
Info (332140): No Setup paths to report
Info (332140): No Hold paths to report
Info (332140): No Recovery paths to report
Info (332140): No Removal paths to report
Critical Warning (332148): Timing requirements not met
Info (332146): Worst-case minimum pulse width slack is -1.222
    Info (332119):     Slack End Point TNS Clock 
    Info (332119): ========= ============= =====================
    Info (332119):    -1.222        -3.222 i_CLK0 
    Info (332119):    -1.222        -3.222 i_CLK1 
Info (332001): The selected device family is not supported by the report_metastability command.
Info: Analyzing Fast Model
Info (332140): No Setup paths to report
Info (332140): No Hold paths to report
Info (332140): No Recovery paths to report
Info (332140): No Removal paths to report
Critical Warning (332148): Timing requirements not met
Info (332146): Worst-case minimum pulse width slack is -1.222
    Info (332119):     Slack End Point TNS Clock 
    Info (332119): ========= ============= =====================
    Info (332119):    -1.222        -3.222 i_CLK0 
    Info (332119):    -1.222        -3.222 i_CLK1 
Info (332001): The selected device family is not supported by the report_metastability command.
Info (332102): Design is not fully constrained for setup requirements
Info (332102): Design is not fully constrained for hold requirements
Info: Quartus II 64-Bit TimeQuest Timing Analyzer was successful. 0 errors, 5 warnings
    Info: Peak virtual memory: 4546 megabytes
    Info: Processing ended: Mon Oct 02 14:20:24 2023
    Info: Elapsed time: 00:00:01
    Info: Total CPU time (on all processors): 00:00:01


