------------------------------------------------------------
TimeQuest Timing Analyzer Summary
------------------------------------------------------------

Type  : Slow Model Setup 'CLK_50MHz'
Slack : -1.095
TNS   : -8.577

Type  : Slow Model Setup 'MOD10_Count:inst|freq_div:freq_div_inst|clock_1Hz'
Slack : -0.886
TNS   : -2.843

Type  : Slow Model Setup 'MOD10_Count:inst|freq_div:freq_div_inst|clock_100Khz_reg'
Slack : -0.241
TNS   : -0.312

Type  : Slow Model Setup 'MOD10_Count:inst|freq_div:freq_div_inst|clock_1Khz_reg'
Slack : -0.241
TNS   : -0.291

Type  : Slow Model Setup 'MOD10_Count:inst|freq_div:freq_div_inst|clock_10Hz_reg'
Slack : -0.208
TNS   : -0.255

Type  : Slow Model Setup 'MOD10_Count:inst|freq_div:freq_div_inst|clock_1Mhz_reg'
Slack : -0.199
TNS   : -0.247

Type  : Slow Model Setup 'MOD10_Count:inst|freq_div:freq_div_inst|clock_10Khz_reg'
Slack : -0.069
TNS   : -0.149

Type  : Slow Model Setup 'MOD10_Count:inst|freq_div:freq_div_inst|clock_100hz_reg'
Slack : -0.061
TNS   : -0.137

Type  : Slow Model Hold 'CLK_50MHz'
Slack : 0.225
TNS   : 0.000

Type  : Slow Model Hold 'MOD10_Count:inst|freq_div:freq_div_inst|clock_100Khz_reg'
Slack : 0.391
TNS   : 0.000

Type  : Slow Model Hold 'MOD10_Count:inst|freq_div:freq_div_inst|clock_100hz_reg'
Slack : 0.391
TNS   : 0.000

Type  : Slow Model Hold 'MOD10_Count:inst|freq_div:freq_div_inst|clock_10Hz_reg'
Slack : 0.391
TNS   : 0.000

Type  : Slow Model Hold 'MOD10_Count:inst|freq_div:freq_div_inst|clock_10Khz_reg'
Slack : 0.391
TNS   : 0.000

Type  : Slow Model Hold 'MOD10_Count:inst|freq_div:freq_div_inst|clock_1Khz_reg'
Slack : 0.391
TNS   : 0.000

Type  : Slow Model Hold 'MOD10_Count:inst|freq_div:freq_div_inst|clock_1Mhz_reg'
Slack : 0.391
TNS   : 0.000

Type  : Slow Model Hold 'MOD10_Count:inst|freq_div:freq_div_inst|clock_1Hz'
Slack : 0.829
TNS   : 0.000

Type  : Slow Model Minimum Pulse Width 'CLK_50MHz'
Slack : -1.380
TNS   : -17.380

Type  : Slow Model Minimum Pulse Width 'MOD10_Count:inst|freq_div:freq_div_inst|clock_100Khz_reg'
Slack : -0.500
TNS   : -4.000

Type  : Slow Model Minimum Pulse Width 'MOD10_Count:inst|freq_div:freq_div_inst|clock_100hz_reg'
Slack : -0.500
TNS   : -4.000

Type  : Slow Model Minimum Pulse Width 'MOD10_Count:inst|freq_div:freq_div_inst|clock_10Hz_reg'
Slack : -0.500
TNS   : -4.000

Type  : Slow Model Minimum Pulse Width 'MOD10_Count:inst|freq_div:freq_div_inst|clock_10Khz_reg'
Slack : -0.500
TNS   : -4.000

Type  : Slow Model Minimum Pulse Width 'MOD10_Count:inst|freq_div:freq_div_inst|clock_1Hz'
Slack : -0.500
TNS   : -4.000

Type  : Slow Model Minimum Pulse Width 'MOD10_Count:inst|freq_div:freq_div_inst|clock_1Khz_reg'
Slack : -0.500
TNS   : -4.000

Type  : Slow Model Minimum Pulse Width 'MOD10_Count:inst|freq_div:freq_div_inst|clock_1Mhz_reg'
Slack : -0.500
TNS   : -4.000

Type  : Fast Model Setup 'CLK_50MHz'
Slack : -0.024
TNS   : -0.168

Type  : Fast Model Setup 'MOD10_Count:inst|freq_div:freq_div_inst|clock_1Hz'
Slack : 0.150
TNS   : 0.000

Type  : Fast Model Setup 'MOD10_Count:inst|freq_div:freq_div_inst|clock_100Khz_reg'
Slack : 0.432
TNS   : 0.000

Type  : Fast Model Setup 'MOD10_Count:inst|freq_div:freq_div_inst|clock_1Khz_reg'
Slack : 0.432
TNS   : 0.000

Type  : Fast Model Setup 'MOD10_Count:inst|freq_div:freq_div_inst|clock_10Hz_reg'
Slack : 0.439
TNS   : 0.000

Type  : Fast Model Setup 'MOD10_Count:inst|freq_div:freq_div_inst|clock_1Mhz_reg'
Slack : 0.444
TNS   : 0.000

Type  : Fast Model Setup 'MOD10_Count:inst|freq_div:freq_div_inst|clock_100hz_reg'
Slack : 0.508
TNS   : 0.000

Type  : Fast Model Setup 'MOD10_Count:inst|freq_div:freq_div_inst|clock_10Khz_reg'
Slack : 0.508
TNS   : 0.000

Type  : Fast Model Hold 'CLK_50MHz'
Slack : 0.050
TNS   : 0.000

Type  : Fast Model Hold 'MOD10_Count:inst|freq_div:freq_div_inst|clock_100Khz_reg'
Slack : 0.215
TNS   : 0.000

Type  : Fast Model Hold 'MOD10_Count:inst|freq_div:freq_div_inst|clock_100hz_reg'
Slack : 0.215
TNS   : 0.000

Type  : Fast Model Hold 'MOD10_Count:inst|freq_div:freq_div_inst|clock_10Hz_reg'
Slack : 0.215
TNS   : 0.000

Type  : Fast Model Hold 'MOD10_Count:inst|freq_div:freq_div_inst|clock_10Khz_reg'
Slack : 0.215
TNS   : 0.000

Type  : Fast Model Hold 'MOD10_Count:inst|freq_div:freq_div_inst|clock_1Khz_reg'
Slack : 0.215
TNS   : 0.000

Type  : Fast Model Hold 'MOD10_Count:inst|freq_div:freq_div_inst|clock_1Mhz_reg'
Slack : 0.215
TNS   : 0.000

Type  : Fast Model Hold 'MOD10_Count:inst|freq_div:freq_div_inst|clock_1Hz'
Slack : 0.379
TNS   : 0.000

Type  : Fast Model Minimum Pulse Width 'CLK_50MHz'
Slack : -1.380
TNS   : -17.380

Type  : Fast Model Minimum Pulse Width 'MOD10_Count:inst|freq_div:freq_div_inst|clock_100Khz_reg'
Slack : -0.500
TNS   : -4.000

Type  : Fast Model Minimum Pulse Width 'MOD10_Count:inst|freq_div:freq_div_inst|clock_100hz_reg'
Slack : -0.500
TNS   : -4.000

Type  : Fast Model Minimum Pulse Width 'MOD10_Count:inst|freq_div:freq_div_inst|clock_10Hz_reg'
Slack : -0.500
TNS   : -4.000

Type  : Fast Model Minimum Pulse Width 'MOD10_Count:inst|freq_div:freq_div_inst|clock_10Khz_reg'
Slack : -0.500
TNS   : -4.000

Type  : Fast Model Minimum Pulse Width 'MOD10_Count:inst|freq_div:freq_div_inst|clock_1Hz'
Slack : -0.500
TNS   : -4.000

Type  : Fast Model Minimum Pulse Width 'MOD10_Count:inst|freq_div:freq_div_inst|clock_1Khz_reg'
Slack : -0.500
TNS   : -4.000

Type  : Fast Model Minimum Pulse Width 'MOD10_Count:inst|freq_div:freq_div_inst|clock_1Mhz_reg'
Slack : -0.500
TNS   : -4.000

------------------------------------------------------------
